// Jest Snapshot v1, https://goo.gl/fbAQLP

exports[`<Test HOC Component /> should mount without crashing 1`] = `
<div>
  <[object Object],[object Object],[object Object]
    addFavorites={[MockFunction]}
    favorite="fargo"
    isFavorited={true}
    item={Object {}}
    lock="andela"
    progressBar={
      Array [
        Object {
          "favorite": "red",
          "private": "private team",
          "progress": 25,
        },
        Object {
          "favorite": "red",
          "private": "private team",
          "progress": 65,
        },
        Object {
          "favorite": "red",
          "private": "private team",
          "progress": 244,
        },
      ]
    }
    toolTip="taps"
  />
</div>
`;
