// Jest Snapshot v1, https://goo.gl/fbAQLP

exports[`<Testing the redux container /> Should call the handleSuccess method 1`] = `
<div
  className="sign-in-wrapper"
>
  <div
    className="row"
  >
    <GoogleButton
      handleFailure={[Function]}
      handleSuccess={[Function]}
    />
  </div>
</div>
`;

exports[`<Testing the redux container /> should mount without crashing 1`] = `
<div
  className="sign-in-wrapper"
>
  <div
    className="row"
  >
    <GoogleButton
      handleFailure={[Function]}
      handleSuccess={[Function]}
    />
  </div>
</div>
`;
